Archive member included to satisfy reference by file (symbol)

src/libmylib.a(a.c.obj)       CMakeFiles/sample_app.dir/src/main.c.obj (subtract)
src/libmylib.a(b.c.obj)       CMakeFiles/sample_app.dir/src/main.c.obj (multiply)
src/libmylib.a(c.c.obj)       CMakeFiles/sample_app.dir/src/main.c.obj (square)
src/libmylib.a(d.c.obj)       CMakeFiles/sample_app.dir/src/main.c.obj (add)
src/libmylib.a(e.c.obj)       CMakeFiles/sample_app.dir/src/main.c.obj (repeatNtimes)
src/libnew_mylib.a(f.c.obj)   CMakeFiles/sample_app.dir/src/main.c.obj (subtract_new)
src/libnew_mylib.a(g.c.obj)   CMakeFiles/sample_app.dir/src/main.c.obj (multiply_new)
src/libnew_mylib.a(h.c.obj)   CMakeFiles/sample_app.dir/src/main.c.obj (square_new)
src/libnew_mylib.a(i.c.obj)   CMakeFiles/sample_app.dir/src/main.c.obj (cube_new)
src/libnew_mylib.a(j.c.obj)   CMakeFiles/sample_app.dir/src/main.c.obj (divide_new)
c:/programdata/chocolatey/lib/gcc-arm-embedded/tools/gcc-arm-none-eabi-10.3-2021.10/bin/../lib/gcc/arm-none-eabi/10.3.1/thumb/v7-m/nofp\libgcc.a(_arm_muldf3.o)
                              src/libmylib.a(b.c.obj) (__aeabi_dmul)
c:/programdata/chocolatey/lib/gcc-arm-embedded/tools/gcc-arm-none-eabi-10.3-2021.10/bin/../lib/gcc/arm-none-eabi/10.3.1/thumb/v7-m/nofp\libgcc.a(_arm_addsubdf3.o)
                              src/libnew_mylib.a(g.c.obj) (__aeabi_dadd)
c:/programdata/chocolatey/lib/gcc-arm-embedded/tools/gcc-arm-none-eabi-10.3-2021.10/bin/../lib/gcc/arm-none-eabi/10.3.1/thumb/v7-m/nofp\libgcc.a(_arm_muldivdf3.o)
                              src/libmylib.a(b.c.obj) (__aeabi_ddiv)
c:/programdata/chocolatey/lib/gcc-arm-embedded/tools/gcc-arm-none-eabi-10.3-2021.10/bin/../lib/gcc/arm-none-eabi/10.3.1/thumb/v7-m/nofp\libgcc.a(_arm_cmpdf2.o)
                              src/libmylib.a(b.c.obj) (__aeabi_dcmpeq)
c:/programdata/chocolatey/lib/gcc-arm-embedded/tools/gcc-arm-none-eabi-10.3-2021.10/bin/../lib/gcc/arm-none-eabi/10.3.1/thumb/v7-m/nofp\libgcc.a(_arm_fixdfsi.o)
                              CMakeFiles/sample_app.dir/src/main.c.obj (__aeabi_d2iz)

Memory Configuration

Name             Origin             Length             Attributes
FLASH            0x08000000         0x00020000         xr
RAM              0x20000000         0x00005000         xrw
*default*        0x00000000         0xffffffff

Linker script and memory map

LOAD CMakeFiles/sample_app.dir/src/main.c.obj
LOAD CMakeFiles/sample_app.dir/arch/arm/src/__aeabi_atexit.c.obj
LOAD src/libmylib.a
LOAD src/libnew_mylib.a
START GROUP
LOAD c:/programdata/chocolatey/lib/gcc-arm-embedded/tools/gcc-arm-none-eabi-10.3-2021.10/bin/../lib/gcc/arm-none-eabi/10.3.1/thumb/v7-m/nofp\libgcc.a
LOAD c:/programdata/chocolatey/lib/gcc-arm-embedded/tools/gcc-arm-none-eabi-10.3-2021.10/bin/../lib/gcc/arm-none-eabi/10.3.1/../../../../arm-none-eabi/lib/thumb/v7-m/nofp\libc.a
END GROUP
                0x20005000                _estack = 0x20005000
                0x00000200                _Min_Heap_Size = 0x200
                0x00000400                _Min_Stack_Size = 0x400

.isr_vector     0x08000000        0x0
                0x08000000                . = ALIGN (0x4)
 *(.isr_vector)
                0x08000000                . = ALIGN (0x4)

.text           0x08000000      0xcd4
                0x08000000                . = ALIGN (0x4)
 *(.text)
 .text          0x08000000        0x0 CMakeFiles/sample_app.dir/src/main.c.obj
 .text          0x08000000       0x28 CMakeFiles/sample_app.dir/arch/arm/src/__aeabi_atexit.c.obj
                0x08000000                __aeabi_atexit
 .text          0x08000028        0x4 src/libmylib.a(a.c.obj)
                0x08000028                subtract
 .text          0x0800002c       0x34 src/libmylib.a(b.c.obj)
                0x0800002c                multiply
                0x08000034                divide
 .text          0x08000060       0x14 src/libmylib.a(c.c.obj)
                0x08000060                square
                0x08000068                cube
 .text          0x08000074        0x4 src/libmylib.a(d.c.obj)
                0x08000074                add
 .text          0x08000078       0x20 src/libmylib.a(e.c.obj)
                0x08000078                repeatNtimes
 .text          0x08000098        0x8 src/libnew_mylib.a(f.c.obj)
                0x08000098                subtract_new
 .text          0x080000a0       0x14 src/libnew_mylib.a(g.c.obj)
                0x080000a0                multiply_new
 .text          0x080000b4        0x8 src/libnew_mylib.a(h.c.obj)
                0x080000b4                square_new
 .text          0x080000bc        0xc src/libnew_mylib.a(i.c.obj)
                0x080000bc                cube_new
 .text          0x080000c8       0x38 src/libnew_mylib.a(j.c.obj)
                0x080000c8                divide_new
 .text          0x08000100      0x254 c:/programdata/chocolatey/lib/gcc-arm-embedded/tools/gcc-arm-none-eabi-10.3-2021.10/bin/../lib/gcc/arm-none-eabi/10.3.1/thumb/v7-m/nofp\libgcc.a(_arm_muldf3.o)
 .text          0x08000354      0x378 c:/programdata/chocolatey/lib/gcc-arm-embedded/tools/gcc-arm-none-eabi-10.3-2021.10/bin/../lib/gcc/arm-none-eabi/10.3.1/thumb/v7-m/nofp\libgcc.a(_arm_addsubdf3.o)
                0x08000354                __aeabi_drsub
                0x0800035c                __aeabi_dsub
                0x0800035c                __subdf3
                0x08000360                __aeabi_dadd
                0x08000360                __adddf3
                0x080005d8                __floatunsidf
                0x080005d8                __aeabi_ui2d
                0x080005f8                __floatsidf
                0x080005f8                __aeabi_i2d
                0x0800061c                __aeabi_f2d
                0x0800061c                __extendsfdf2
                0x08000660                __floatundidf
                0x08000660                __aeabi_ul2d
                0x08000670                __floatdidf
                0x08000670                __aeabi_l2d
 .text          0x080006cc      0x424 c:/programdata/chocolatey/lib/gcc-arm-embedded/tools/gcc-arm-none-eabi-10.3-2021.10/bin/../lib/gcc/arm-none-eabi/10.3.1/thumb/v7-m/nofp\libgcc.a(_arm_muldivdf3.o)
                0x080006cc                __aeabi_dmul
                0x080006cc                __muldf3
                0x08000920                __divdf3
                0x08000920                __aeabi_ddiv
 .text          0x08000af0      0x110 c:/programdata/chocolatey/lib/gcc-arm-embedded/tools/gcc-arm-none-eabi-10.3-2021.10/bin/../lib/gcc/arm-none-eabi/10.3.1/thumb/v7-m/nofp\libgcc.a(_arm_cmpdf2.o)
                0x08000af0                __gtdf2
                0x08000af0                __gedf2
                0x08000af8                __ltdf2
                0x08000af8                __ledf2
                0x08000b00                __nedf2
                0x08000b00                __eqdf2
                0x08000b00                __cmpdf2
                0x08000b7c                __aeabi_cdrcmple
                0x08000b8c                __aeabi_cdcmpeq
                0x08000b8c                __aeabi_cdcmple
                0x08000b9c                __aeabi_dcmpeq
                0x08000bb0                __aeabi_dcmplt
                0x08000bc4                __aeabi_dcmple
                0x08000bd8                __aeabi_dcmpge
                0x08000bec                __aeabi_dcmpgt
 .text          0x08000c00       0x50 c:/programdata/chocolatey/lib/gcc-arm-embedded/tools/gcc-arm-none-eabi-10.3-2021.10/bin/../lib/gcc/arm-none-eabi/10.3.1/thumb/v7-m/nofp\libgcc.a(_arm_fixdfsi.o)
                0x08000c00                __aeabi_d2iz
                0x08000c00                __fixdfsi
 *(.text*)
 .text.startup  0x08000c50       0x84 CMakeFiles/sample_app.dir/src/main.c.obj
                0x08000c50                main
 *(.glue_7)
 .glue_7        0x08000cd4        0x0 linker stubs
 *(.glue_7t)
 .glue_7t       0x08000cd4        0x0 linker stubs
 *(.eh_frame)
 *(.init)
 *(.fini)
                0x08000cd4                . = ALIGN (0x4)
                0x08000cd4                _etext = .

.vfp11_veneer   0x08000cd4        0x0
 .vfp11_veneer  0x08000cd4        0x0 linker stubs

.v4_bx          0x08000cd4        0x0
 .v4_bx         0x08000cd4        0x0 linker stubs

.iplt           0x08000cd4        0x0
 .iplt          0x08000cd4        0x0 CMakeFiles/sample_app.dir/src/main.c.obj

.rel.dyn        0x08000cd4        0x0
 .rel.iplt      0x08000cd4        0x0 CMakeFiles/sample_app.dir/src/main.c.obj
 .rel.got       0x08000cd4        0x0 CMakeFiles/sample_app.dir/src/main.c.obj

.rodata         0x08000cd4        0x0
                0x08000cd4                . = ALIGN (0x4)
 *(.rodata)
 *(.rodata*)
                0x08000cd4                . = ALIGN (0x4)

.ARM.extab
 *(.ARM.extab* .gnu.linkonce.armextab.*)

.ARM            0x08000cd4        0x0
                0x08000cd4                __exidx_start = .
 *(.ARM.exidx*)
                0x08000cd4                __exidx_end = .

.preinit_array  0x08000cd4        0x0
                [!provide]                PROVIDE (__preinit_array_start = .)
 *(.preinit_array*)
                [!provide]                PROVIDE (__preinit_array_end = .)

.init_array     0x08000cd4        0x0
                [!provide]                PROVIDE (__init_array_start = .)
 *(SORT_BY_NAME(.init_array.*))
 *(.init_array*)
                [!provide]                PROVIDE (__init_array_end = .)

.fini_array     0x08000cd4        0x0
                [!provide]                PROVIDE (__fini_array_start = .)
 *(SORT_BY_NAME(.fini_array.*))
 *(.fini_array*)
                [!provide]                PROVIDE (__fini_array_end = .)
                0x08000cd4                _sidata = LOADADDR (.data)

.data           0x20000000        0x0 load address 0x08000cd4
                0x20000000                . = ALIGN (0x4)
                0x20000000                _sdata = .
 *(.data)
 .data          0x20000000        0x0 CMakeFiles/sample_app.dir/src/main.c.obj
 .data          0x20000000        0x0 CMakeFiles/sample_app.dir/arch/arm/src/__aeabi_atexit.c.obj
 .data          0x20000000        0x0 src/libmylib.a(a.c.obj)
 .data          0x20000000        0x0 src/libmylib.a(b.c.obj)
 .data          0x20000000        0x0 src/libmylib.a(c.c.obj)
 .data          0x20000000        0x0 src/libmylib.a(d.c.obj)
 .data          0x20000000        0x0 src/libmylib.a(e.c.obj)
 .data          0x20000000        0x0 src/libnew_mylib.a(f.c.obj)
 .data          0x20000000        0x0 src/libnew_mylib.a(g.c.obj)
 .data          0x20000000        0x0 src/libnew_mylib.a(h.c.obj)
 .data          0x20000000        0x0 src/libnew_mylib.a(i.c.obj)
 .data          0x20000000        0x0 src/libnew_mylib.a(j.c.obj)
 .data          0x20000000        0x0 c:/programdata/chocolatey/lib/gcc-arm-embedded/tools/gcc-arm-none-eabi-10.3-2021.10/bin/../lib/gcc/arm-none-eabi/10.3.1/thumb/v7-m/nofp\libgcc.a(_arm_muldf3.o)
 .data          0x20000000        0x0 c:/programdata/chocolatey/lib/gcc-arm-embedded/tools/gcc-arm-none-eabi-10.3-2021.10/bin/../lib/gcc/arm-none-eabi/10.3.1/thumb/v7-m/nofp\libgcc.a(_arm_addsubdf3.o)
 .data          0x20000000        0x0 c:/programdata/chocolatey/lib/gcc-arm-embedded/tools/gcc-arm-none-eabi-10.3-2021.10/bin/../lib/gcc/arm-none-eabi/10.3.1/thumb/v7-m/nofp\libgcc.a(_arm_muldivdf3.o)
 .data          0x20000000        0x0 c:/programdata/chocolatey/lib/gcc-arm-embedded/tools/gcc-arm-none-eabi-10.3-2021.10/bin/../lib/gcc/arm-none-eabi/10.3.1/thumb/v7-m/nofp\libgcc.a(_arm_cmpdf2.o)
 .data          0x20000000        0x0 c:/programdata/chocolatey/lib/gcc-arm-embedded/tools/gcc-arm-none-eabi-10.3-2021.10/bin/../lib/gcc/arm-none-eabi/10.3.1/thumb/v7-m/nofp\libgcc.a(_arm_fixdfsi.o)
 *(.data*)
                0x20000000                . = ALIGN (0x4)
                0x20000000                _edata = .

.igot.plt       0x20000000        0x0 load address 0x08000cd4
 .igot.plt      0x20000000        0x0 CMakeFiles/sample_app.dir/src/main.c.obj

.got            0x20000000        0x8 load address 0x08000cd4
 .got           0x20000000        0x8 CMakeFiles/sample_app.dir/src/main.c.obj

.got.plt        0x20000008        0xc load address 0x08000cdc
 .got.plt       0x20000008        0xc CMakeFiles/sample_app.dir/src/main.c.obj
                0x20000008                _GLOBAL_OFFSET_TABLE_
                0x20000014                . = ALIGN (0x4)

.bss            0x20000014        0x4 load address 0x08000ce8
                0x20000014                _sbss = .
                0x20000014                __bss_start__ = _sbss
 *(.bss)
 .bss           0x20000014        0x0 CMakeFiles/sample_app.dir/src/main.c.obj
 .bss           0x20000014        0x0 CMakeFiles/sample_app.dir/arch/arm/src/__aeabi_atexit.c.obj
 .bss           0x20000014        0x0 src/libmylib.a(a.c.obj)
 .bss           0x20000014        0x0 src/libmylib.a(b.c.obj)
 .bss           0x20000014        0x0 src/libmylib.a(c.c.obj)
 .bss           0x20000014        0x0 src/libmylib.a(d.c.obj)
 .bss           0x20000014        0x4 src/libmylib.a(e.c.obj)
                0x20000014                b
 .bss           0x20000018        0x0 src/libnew_mylib.a(f.c.obj)
 .bss           0x20000018        0x0 src/libnew_mylib.a(g.c.obj)
 .bss           0x20000018        0x0 src/libnew_mylib.a(h.c.obj)
 .bss           0x20000018        0x0 src/libnew_mylib.a(i.c.obj)
 .bss           0x20000018        0x0 src/libnew_mylib.a(j.c.obj)
 .bss           0x20000018        0x0 c:/programdata/chocolatey/lib/gcc-arm-embedded/tools/gcc-arm-none-eabi-10.3-2021.10/bin/../lib/gcc/arm-none-eabi/10.3.1/thumb/v7-m/nofp\libgcc.a(_arm_muldf3.o)
 .bss           0x20000018        0x0 c:/programdata/chocolatey/lib/gcc-arm-embedded/tools/gcc-arm-none-eabi-10.3-2021.10/bin/../lib/gcc/arm-none-eabi/10.3.1/thumb/v7-m/nofp\libgcc.a(_arm_addsubdf3.o)
 .bss           0x20000018        0x0 c:/programdata/chocolatey/lib/gcc-arm-embedded/tools/gcc-arm-none-eabi-10.3-2021.10/bin/../lib/gcc/arm-none-eabi/10.3.1/thumb/v7-m/nofp\libgcc.a(_arm_muldivdf3.o)
 .bss           0x20000018        0x0 c:/programdata/chocolatey/lib/gcc-arm-embedded/tools/gcc-arm-none-eabi-10.3-2021.10/bin/../lib/gcc/arm-none-eabi/10.3.1/thumb/v7-m/nofp\libgcc.a(_arm_cmpdf2.o)
 .bss           0x20000018        0x0 c:/programdata/chocolatey/lib/gcc-arm-embedded/tools/gcc-arm-none-eabi-10.3-2021.10/bin/../lib/gcc/arm-none-eabi/10.3.1/thumb/v7-m/nofp\libgcc.a(_arm_fixdfsi.o)
 *(.bss*)
 *(COMMON)
                0x20000018                . = ALIGN (0x4)
                0x20000018                _ebss = .
                0x20000018                __bss_end__ = _ebss

._user_heap_stack
                0x20000018      0x600 load address 0x08000ce8
                0x20000018                . = ALIGN (0x8)
                [!provide]                PROVIDE (end = .)
                [!provide]                PROVIDE (_end = .)
                0x20000218                . = (. + _Min_Heap_Size)
 *fill*         0x20000018      0x200 
                0x20000618                . = (. + _Min_Stack_Size)
 *fill*         0x20000218      0x400 
                0x20000618                . = ALIGN (0x8)

/DISCARD/
 libc.a(*)
 libm.a(*)
 libgcc.a(*)

.ARM.attributes
                0x00000000       0x2d
 *(.ARM.attributes)
 .ARM.attributes
                0x00000000       0x2d CMakeFiles/sample_app.dir/src/main.c.obj
 .ARM.attributes
                0x0000002d       0x2d CMakeFiles/sample_app.dir/arch/arm/src/__aeabi_atexit.c.obj
 .ARM.attributes
                0x0000005a       0x2d src/libmylib.a(a.c.obj)
 .ARM.attributes
                0x00000087       0x2d src/libmylib.a(b.c.obj)
 .ARM.attributes
                0x000000b4       0x2d src/libmylib.a(c.c.obj)
 .ARM.attributes
                0x000000e1       0x2d src/libmylib.a(d.c.obj)
 .ARM.attributes
                0x0000010e       0x2d src/libmylib.a(e.c.obj)
 .ARM.attributes
                0x0000013b       0x2d src/libnew_mylib.a(f.c.obj)
 .ARM.attributes
                0x00000168       0x2d src/libnew_mylib.a(g.c.obj)
 .ARM.attributes
                0x00000195       0x2d src/libnew_mylib.a(h.c.obj)
 .ARM.attributes
                0x000001c2       0x2d src/libnew_mylib.a(i.c.obj)
 .ARM.attributes
                0x000001ef       0x2d src/libnew_mylib.a(j.c.obj)
 .ARM.attributes
                0x0000021c       0x1d c:/programdata/chocolatey/lib/gcc-arm-embedded/tools/gcc-arm-none-eabi-10.3-2021.10/bin/../lib/gcc/arm-none-eabi/10.3.1/thumb/v7-m/nofp\libgcc.a(_arm_muldf3.o)
 .ARM.attributes
                0x00000239       0x1d c:/programdata/chocolatey/lib/gcc-arm-embedded/tools/gcc-arm-none-eabi-10.3-2021.10/bin/../lib/gcc/arm-none-eabi/10.3.1/thumb/v7-m/nofp\libgcc.a(_arm_addsubdf3.o)
 .ARM.attributes
                0x00000256       0x1d c:/programdata/chocolatey/lib/gcc-arm-embedded/tools/gcc-arm-none-eabi-10.3-2021.10/bin/../lib/gcc/arm-none-eabi/10.3.1/thumb/v7-m/nofp\libgcc.a(_arm_muldivdf3.o)
 .ARM.attributes
                0x00000273       0x1d c:/programdata/chocolatey/lib/gcc-arm-embedded/tools/gcc-arm-none-eabi-10.3-2021.10/bin/../lib/gcc/arm-none-eabi/10.3.1/thumb/v7-m/nofp\libgcc.a(_arm_cmpdf2.o)
 .ARM.attributes
                0x00000290       0x1d c:/programdata/chocolatey/lib/gcc-arm-embedded/tools/gcc-arm-none-eabi-10.3-2021.10/bin/../lib/gcc/arm-none-eabi/10.3.1/thumb/v7-m/nofp\libgcc.a(_arm_fixdfsi.o)
OUTPUT(sample_app elf32-littlearm)
LOAD linker stubs
LOAD c:/programdata/chocolatey/lib/gcc-arm-embedded/tools/gcc-arm-none-eabi-10.3-2021.10/bin/../lib/gcc/arm-none-eabi/10.3.1/../../../../arm-none-eabi/lib/thumb/v7-m/nofp\libc.a
LOAD c:/programdata/chocolatey/lib/gcc-arm-embedded/tools/gcc-arm-none-eabi-10.3-2021.10/bin/../lib/gcc/arm-none-eabi/10.3.1/../../../../arm-none-eabi/lib/thumb/v7-m/nofp\libm.a
LOAD c:/programdata/chocolatey/lib/gcc-arm-embedded/tools/gcc-arm-none-eabi-10.3-2021.10/bin/../lib/gcc/arm-none-eabi/10.3.1/thumb/v7-m/nofp\libgcc.a

.comment        0x00000000       0x49
 .comment       0x00000000       0x49 CMakeFiles/sample_app.dir/src/main.c.obj
                                 0x4a (size before relaxing)
 .comment       0x00000049       0x4a CMakeFiles/sample_app.dir/arch/arm/src/__aeabi_atexit.c.obj
 .comment       0x00000049       0x4a src/libmylib.a(a.c.obj)
 .comment       0x00000049       0x4a src/libmylib.a(b.c.obj)
 .comment       0x00000049       0x4a src/libmylib.a(c.c.obj)
 .comment       0x00000049       0x4a src/libmylib.a(d.c.obj)
 .comment       0x00000049       0x4a src/libmylib.a(e.c.obj)
 .comment       0x00000049       0x4a src/libnew_mylib.a(f.c.obj)
 .comment       0x00000049       0x4a src/libnew_mylib.a(g.c.obj)
 .comment       0x00000049       0x4a src/libnew_mylib.a(h.c.obj)
 .comment       0x00000049       0x4a src/libnew_mylib.a(i.c.obj)
 .comment       0x00000049       0x4a src/libnew_mylib.a(j.c.obj)

.debug_frame    0x00000000      0x214
 .debug_frame   0x00000000       0x30 c:/programdata/chocolatey/lib/gcc-arm-embedded/tools/gcc-arm-none-eabi-10.3-2021.10/bin/../lib/gcc/arm-none-eabi/10.3.1/thumb/v7-m/nofp\libgcc.a(_arm_muldf3.o)
 .debug_frame   0x00000030       0xac c:/programdata/chocolatey/lib/gcc-arm-embedded/tools/gcc-arm-none-eabi-10.3-2021.10/bin/../lib/gcc/arm-none-eabi/10.3.1/thumb/v7-m/nofp\libgcc.a(_arm_addsubdf3.o)
 .debug_frame   0x000000dc       0x50 c:/programdata/chocolatey/lib/gcc-arm-embedded/tools/gcc-arm-none-eabi-10.3-2021.10/bin/../lib/gcc/arm-none-eabi/10.3.1/thumb/v7-m/nofp\libgcc.a(_arm_muldivdf3.o)
 .debug_frame   0x0000012c       0xc4 c:/programdata/chocolatey/lib/gcc-arm-embedded/tools/gcc-arm-none-eabi-10.3-2021.10/bin/../lib/gcc/arm-none-eabi/10.3.1/thumb/v7-m/nofp\libgcc.a(_arm_cmpdf2.o)
 .debug_frame   0x000001f0       0x24 c:/programdata/chocolatey/lib/gcc-arm-embedded/tools/gcc-arm-none-eabi-10.3-2021.10/bin/../lib/gcc/arm-none-eabi/10.3.1/thumb/v7-m/nofp\libgcc.a(_arm_fixdfsi.o)
